// Jest Snapshot v1, https://goo.gl/fbAQLP

exports[`TaskNew.vue TaskNew.vue should match all specifications bellow 1`] = `<div class="task-new"><input type="text" placeholder="Nova tarefa" autofocus="autofocus" class="form-input"> <button type="button" class="btn">+</button></div>`;
